...........................................................Usage: converter {YYYY-MM-DD} <{log.txt} >{log.html}
.<?xml version="1.0" encoding="UTF-8"?>
<!DOCTYPE html PUBLIC "-//W3C//DTD XHTML 1.1//EN" "http://www.w3.org/TR/xhtml11/DTD/xhtml11.dtd">
<html xmlns="http://www.w3.org/1999/xhtml" xml:lang="ja">
<head>
  <title>chat.vim-users.jp &gt; log &gt; 2009-05-30</title>
  <link rel="stylesheet" href="log.css"/>
  <!-- FIXME: rel="next" and others -->
</head>
<body>
<h1>chat.vim-users.jp &gt; log &gt; 2009-05-30</h1>
<ul class="log">
Invalid format
1
01:09:27 + thinca (thinca!i=3b9c8a56@gateway/web/ajax/mibbit.com/x-7370eae4604f8456) to #Vim-users.jp@freenode
2
00:01:02 <#Vim-users.jp@freenode:kana> foo http://whileimautomaton.net/2009/05/29/02/37/54/diary bar http://gyazo.com/af8f793b7371a721bbb06059b8d3d5fe.png baz http://gist.github.com/119798 hehehe
3
03:22:04 <#Vim-users.jp@freenode:kana> http://gyazo.com/af8f793b7371a721bbb06059b8d3d5fe.png
4
03:17:35 <#Vim-users.jp@freenode:kana> よし寝る http://whileimautomaton.net/2009/05/29/02/37/54/diary
5
14:28:59 <#Vim-users.jp@freenode:Shougo> http://gist.github.com/119798
6
03:17:42 <#Vim-users.jp@freenode:kana> やることやった感
7
14:00:37 >#Vim-users.jp@freenode:from_kyushu< gyazoみたく簡単にできれば良いのだけども
8
00:01:02 <#Vim-users.jp@freenode:kana> &"<>'
9
09:34:25 ukstudio -> ukstudio_aw
10
20:02:15 ! kana ("http://www.mibbit.com ajax IRC Client")
11
13:45:40 Topic of channel #Vim-users.jp@freenode by from_kyushu: ログサーバを一時的に復帰 http://chat.vim-users.jp/ for true vim users and not true vim users.
12
00:01:02 Unsupported format
13
</ul>
</body>
</html>
..


62 examples, 0 failures
