.............................................................Usage: converter {YYYY-MM-DD} <{log.txt} >{log.html}
.<?xml version="1.0" encoding="UTF-8"?>
<!DOCTYPE html PUBLIC "-//W3C//DTD XHTML 1.1//EN" "http://www.w3.org/TR/xhtml11/DTD/xhtml11.dtd">
<html xmlns="http://www.w3.org/1999/xhtml" xml:lang="ja">
<head>
  <title>chat.vim-users.jp &gt; log &gt; 2009-05-30</title>
  <link rel="stylesheet" href="log.css"/>
  <!-- FIXME: rel="next" and others -->
</head>
<body>
<h1>chat.vim-users.jp &gt; log &gt; 2009-05-30</h1>
<ul class="log">
<li id="L1" class="invalid"><span class="text">Invalid format</span></li>
<li id="L2" class="join"><span class="time">01:09:27</span> <span class="nick">thinca</span> <span class="text">has joined</span></li>
<li id="L3" class="msg"><span class="time">00:01:02</span> <span class="nick">kana</span> <span class="text">foo <a href="http://whileimautomaton.net/2009/05/29/02/37/54/diary">http://whileimautomaton.net/2009/05/29/02/37/54/diary</a> bar <a href="http://gyazo.com/af8f793b7371a721bbb06059b8d3d5fe.png">http://gyazo.com/af8f793b7371a721bbb06059b8d3d5fe.png</a> baz <a href="http://gist.github.com/119798">http://gist.github.com/119798</a> hehehe</span></li>
<li id="L4" class="msg"><span class="time">03:22:04</span> <span class="nick">kana</span> <span class="text"><a href="http://gyazo.com/af8f793b7371a721bbb06059b8d3d5fe.png">http://gyazo.com/af8f793b7371a721bbb06059b8d3d5fe.png</a></span></li>
<li id="L5" class="msg"><span class="time">03:17:35</span> <span class="nick">kana</span> <span class="text">よし寝る <a href="http://whileimautomaton.net/2009/05/29/02/37/54/diary">http://whileimautomaton.net/2009/05/29/02/37/54/diary</a></span></li>
<li id="L6" class="msg"><span class="time">14:28:59</span> <span class="nick">Shougo</span> <span class="text"><a href="http://gist.github.com/119798">http://gist.github.com/119798</a></span></li>
<li id="L7" class="msg"><span class="time">03:17:42</span> <span class="nick">kana</span> <span class="text">やることやった感</span></li>
<li id="L8" class="msg"><span class="time">14:00:37</span> <span class="nick">from_kyushu</span> <span class="text">gyazoみたく簡単にできれば良いのだけども</span></li>
<li id="L9" class="msg"><span class="time">00:01:02</span> <span class="nick">kana</span> <span class="text">&amp;&quot;&lt;&gt;&#39;</span></li>
<li id="L10" class="nick"><span class="time">09:34:25</span> <span class="text"><span class="old-nick">ukstudio</span> is now as known as <span class="new-nick">ukstudio_aw</span></span></li>
<li id="L11" class="part"><span class="time">20:02:15</span> <span class="nick">kana</span> <span class="text">has left</span></li>
<li id="L12" class="topic"><span class="time">13:45:40</span> <span class="nick">from_kyushu</span> <span class="text">sets topic: <span class="topic">ログサーバを一時的に復帰 <a href="http://chat.vim-users.jp/">http://chat.vim-users.jp/</a> for true vim users and not true vim users.</span></span></li>
<li id="L13" class="unsupported"><span class="time">00:01:02</span> <span class="text">Unsupported format</span></li>
</ul>
</body>
</html>
..


64 examples, 0 failures
